// Vitest Snapshot v1, https://vitest.dev/guide/snapshot.html

exports[`PreviousSearches > should render correctly 1`] = `
<div>
  <div
    class="previous-searches"
  >
    <h2 />
    <ul
      class="previous-searches-list"
    />
  </div>
</div>
`;
