// Vitest Snapshot v1, https://vitest.dev/guide/snapshot.html

exports[`Hook - useGifs > matches snapshot 1`] = `
{
  "current": {
    "gifResponse": [],
    "handlePreviousSearch": [Function],
    "handleSearch": [Function],
    "previousSearches": [],
  },
}
`;
